{"type":"server-started","port":65527,"host":"127.0.0.1","url_host":"localhost","url":"http://localhost:65527","screen_dir":"/Users/devonmakepeace/Desktop/Projects/MAKAN/MakanGit/makan-web/.superpowers/brainstorm/59693-1774637319/content","state_dir":"/Users/devonmakepeace/Desktop/Projects/MAKAN/MakanGit/makan-web/.superpowers/brainstorm/59693-1774637319/state"}
{"type":"screen-added","file":"/Users/devonmakepeace/Desktop/Projects/MAKAN/MakanGit/makan-web/.superpowers/brainstorm/59693-1774637319/content/hero-approach.html"}
{"type":"screen-updated","file":"/Users/devonmakepeace/Desktop/Projects/MAKAN/MakanGit/makan-web/.superpowers/brainstorm/59693-1774637319/content/hero-approach.html"}
{"type":"screen-updated","file":"/Users/devonmakepeace/Desktop/Projects/MAKAN/MakanGit/makan-web/.superpowers/brainstorm/59693-1774637319/content/hero-approach.html"}
{"type":"screen-updated","file":"/Users/devonmakepeace/Desktop/Projects/MAKAN/MakanGit/makan-web/.superpowers/brainstorm/59693-1774637319/content/hero-approach.html"}
{"source":"user-event","type":"click","text":"makan\n      /mah·kahn/ — to eat\n      \n        🍜\n        🥘\n        🍕\n        🍱\n      \n      A food journal where your friends' real meals replace algorithms and influencers.\n      ↓ Scroll to explore\n      [ Real food photos cascade in on scroll, building a living wall ]\n    \n    \n      C · Word-First → Scroll Reveal\n      Clean, centered, minimal opening. Just the word \"makan\" and its meaning. As you scroll, real food photos cascade in and the story unfolds. Builds curiosity. Very editorial, very confident.","choice":"scroll-reveal","id":null,"timestamp":1774637455786}
{"source":"user-event","type":"click","text":"makan\n      /mah·kahn/ — to eat\n      \n        🍜\n        🥘\n        🍕\n        🍱\n      \n      A food journal where your friends' real meals replace algorithms and influencers.\n      ↓ Scroll to explore\n      [ Real food photos cascade in on scroll, building a living wall ]\n    \n    \n      C · Word-First → Scroll Reveal\n      Clean, centered, minimal opening. Just the word \"makan\" and its meaning. As you scroll, real food photos cascade in and the story unfolds. Builds curiosity. Very editorial, very confident.","choice":"scroll-reveal","id":null,"timestamp":1774637463392}
{"source":"user-event","type":"click","text":"makan\n      /mah·kahn/ — to eat\n      \n        🍜\n        🥘\n        🍕\n        🍱\n      \n      A food journal where your friends' real meals replace algorithms and influencers.\n      ↓ Scroll to explore\n      [ Real food photos cascade in on scroll, building a living wall ]\n    \n    \n      C · Word-First → Scroll Reveal\n      Clean, centered, minimal opening. Just the word \"makan\" and its meaning. As you scroll, real food photos cascade in and the story unfolds. Builds curiosity. Very editorial, very confident.","choice":"scroll-reveal","id":null,"timestamp":1774637463867}
{"type":"screen-added","file":"/Users/devonmakepeace/Desktop/Projects/MAKAN/MakanGit/makan-web/.superpowers/brainstorm/59693-1774637319/content/page-flow.html"}
{"type":"screen-updated","file":"/Users/devonmakepeace/Desktop/Projects/MAKAN/MakanGit/makan-web/.superpowers/brainstorm/59693-1774637319/content/page-flow.html"}
{"type":"screen-updated","file":"/Users/devonmakepeace/Desktop/Projects/MAKAN/MakanGit/makan-web/.superpowers/brainstorm/59693-1774637319/content/page-flow.html"}
{"type":"screen-updated","file":"/Users/devonmakepeace/Desktop/Projects/MAKAN/MakanGit/makan-web/.superpowers/brainstorm/59693-1774637319/content/page-flow.html"}
{"type":"screen-added","file":"/Users/devonmakepeace/Desktop/Projects/MAKAN/MakanGit/makan-web/.superpowers/brainstorm/59693-1774637319/content/design-proposal.html"}
{"type":"screen-updated","file":"/Users/devonmakepeace/Desktop/Projects/MAKAN/MakanGit/makan-web/.superpowers/brainstorm/59693-1774637319/content/design-proposal.html"}
{"type":"screen-updated","file":"/Users/devonmakepeace/Desktop/Projects/MAKAN/MakanGit/makan-web/.superpowers/brainstorm/59693-1774637319/content/design-proposal.html"}
{"type":"screen-updated","file":"/Users/devonmakepeace/Desktop/Projects/MAKAN/MakanGit/makan-web/.superpowers/brainstorm/59693-1774637319/content/design-proposal.html"}
{"type":"screen-added","file":"/Users/devonmakepeace/Desktop/Projects/MAKAN/MakanGit/makan-web/.superpowers/brainstorm/59693-1774637319/content/waiting.html"}
{"type":"screen-updated","file":"/Users/devonmakepeace/Desktop/Projects/MAKAN/MakanGit/makan-web/.superpowers/brainstorm/59693-1774637319/content/waiting.html"}
{"type":"screen-updated","file":"/Users/devonmakepeace/Desktop/Projects/MAKAN/MakanGit/makan-web/.superpowers/brainstorm/59693-1774637319/content/waiting.html"}
{"type":"server-stopped","reason":"idle timeout"}
